Copyright 1986-2017 Xilinx, Inc. All Rights Reserved.
-------------------------------------------------------------------------------------------------------------------------------------------------------------------------
| Tool Version     : Vivado v.2017.4 (win64) Build 2086221 Fri Dec 15 20:55:39 MST 2017
| Date             : Wed May  1 13:45:37 2024
| Host             : LAPTOP-SC6EAKJG running 64-bit major release  (build 9200)
| Command          : report_power -file hdmi_colorbar_top_power_routed.rpt -pb hdmi_colorbar_top_power_summary_routed.pb -rpx hdmi_colorbar_top_power_routed.rpx
| Design           : hdmi_colorbar_top
| Device           : xc7z020clg400-2
| Design State     : routed
| Grade            : commercial
| Process          : typical
| Characterization : Production
-------------------------------------------------------------------------------------------------------------------------------------------------------------------------

Power Report

Table of Contents
-----------------
1. Summary
1.1 On-Chip Components
1.2 Power Supply Summary
1.3 Confidence Level
2. Settings
2.1 Environment
2.2 Clock Constraints
3. Detailed Reports
3.1 By Hierarchy

1. Summary
----------

+--------------------------+--------------+
| Total On-Chip Power (W)  | 0.309        |
| Design Power Budget (W)  | Unspecified* |
| Power Budget Margin (W)  | NA           |
| Dynamic (W)              | 0.195        |
| Device Static (W)        | 0.113        |
| Effective TJA (C/W)      | 11.5         |
| Max Ambient (C)          | 81.4         |
| Junction Temperature (C) | 28.6         |
| Confidence Level         | Medium       |
| Setting File             | ---          |
| Simulation Activity File | ---          |
| Design Nets Matched      | NA           |
+--------------------------+--------------+
* Specify Design Power Budget using, set_operating_conditions -design_power_budget <value in Watts>


1.1 On-Chip Components
----------------------

+--------------------------+-----------+----------+-----------+-----------------+
| On-Chip                  | Power (W) | Used     | Available | Utilization (%) |
+--------------------------+-----------+----------+-----------+-----------------+
| Clocks                   |     0.025 |        6 |       --- |             --- |
| Slice Logic              |     0.012 |     6363 |       --- |             --- |
|   LUT as Logic           |     0.010 |     2364 |     53200 |            4.44 |
|   LUT as Distributed RAM |     0.002 |     1376 |     17400 |            7.91 |
|   Register               |    <0.001 |     1116 |    106400 |            1.05 |
|   CARRY4                 |    <0.001 |      181 |     13300 |            1.36 |
|   LUT as Shift Register  |    <0.001 |       12 |     17400 |            0.07 |
|   F7/F8 Muxes            |    <0.001 |      216 |     53200 |            0.41 |
|   Others                 |     0.000 |      264 |       --- |             --- |
| Signals                  |     0.011 |     3843 |       --- |             --- |
| Block RAM                |     0.035 |     81.5 |       140 |           58.21 |
| MMCM                     |     0.095 |        1 |         4 |           25.00 |
| I/O                      |     0.016 |       10 |       125 |            8.00 |
| Static Power             |     0.113 |          |           |                 |
| Total                    |     0.309 |          |           |                 |
+--------------------------+-----------+----------+-----------+-----------------+


1.2 Power Supply Summary
------------------------

+-----------+-------------+-----------+-------------+------------+
| Source    | Voltage (V) | Total (A) | Dynamic (A) | Static (A) |
+-----------+-------------+-----------+-------------+------------+
| Vccint    |       1.000 |     0.096 |       0.086 |      0.010 |
| Vccaux    |       1.800 |     0.063 |       0.053 |      0.011 |
| Vcco33    |       3.300 |     0.004 |       0.003 |      0.001 |
| Vcco25    |       2.500 |     0.000 |       0.000 |      0.000 |
| Vcco18    |       1.800 |     0.000 |       0.000 |      0.000 |
| Vcco15    |       1.500 |     0.000 |       0.000 |      0.000 |
| Vcco135   |       1.350 |     0.000 |       0.000 |      0.000 |
| Vcco12    |       1.200 |     0.000 |       0.000 |      0.000 |
| Vccaux_io |       1.800 |     0.000 |       0.000 |      0.000 |
| Vccbram   |       1.000 |     0.007 |       0.003 |      0.003 |
| MGTAVcc   |       1.000 |     0.000 |       0.000 |      0.000 |
| MGTAVtt   |       1.200 |     0.000 |       0.000 |      0.000 |
| MGTVccaux |       1.800 |     0.000 |       0.000 |      0.000 |
| Vccpint   |       1.000 |     0.018 |       0.000 |      0.018 |
| Vccpaux   |       1.800 |     0.010 |       0.000 |      0.010 |
| Vccpll    |       1.800 |     0.003 |       0.000 |      0.003 |
| Vcco_ddr  |       1.500 |     0.000 |       0.000 |      0.000 |
| Vcco_mio0 |       1.800 |     0.000 |       0.000 |      0.000 |
| Vcco_mio1 |       1.800 |     0.000 |       0.000 |      0.000 |
| Vccadc    |       1.800 |     0.020 |       0.000 |      0.020 |
+-----------+-------------+-----------+-------------+------------+


1.3 Confidence Level
--------------------

+-----------------------------+------------+-------------------------------------------------------+------------------------------------------------------------------------------------------------------------+
| User Input Data             | Confidence | Details                                               | Action                                                                                                     |
+-----------------------------+------------+-------------------------------------------------------+------------------------------------------------------------------------------------------------------------+
| Design implementation state | High       | Design is routed                                      |                                                                                                            |
| Clock nodes activity        | High       | User specified more than 95% of clocks                |                                                                                                            |
| I/O nodes activity          | Medium     | More than 5% of inputs are missing user specification | Provide missing input activity with simulation results or by editing the "By Resource Type -> I/Os" view   |
| Internal nodes activity     | Medium     | User specified less than 25% of internal nodes        | Provide missing internal nodes activity with simulation results or by editing the "By Resource Type" views |
| Device models               | High       | Device models are Production                          |                                                                                                            |
|                             |            |                                                       |                                                                                                            |
| Overall confidence level    | Medium     |                                                       |                                                                                                            |
+-----------------------------+------------+-------------------------------------------------------+------------------------------------------------------------------------------------------------------------+


2. Settings
-----------

2.1 Environment
---------------

+-----------------------+------------------------+
| Ambient Temp (C)      | 25.0                   |
| ThetaJA (C/W)         | 11.5                   |
| Airflow (LFM)         | 250                    |
| Heat Sink             | none                   |
| ThetaSA (C/W)         | 0.0                    |
| Board Selection       | medium (10"x10")       |
| # of Board Layers     | 8to11 (8 to 11 Layers) |
| Board Temperature (C) | 25.0                   |
+-----------------------+------------------------+


2.2 Clock Constraints
---------------------

+--------------------+-----------------------------------+-----------------+
| Clock              | Domain                            | Constraint (ns) |
+--------------------+-----------------------------------+-----------------+
| clk_out1_clk_wiz_0 | clk_wiz_0/inst/clk_out1_clk_wiz_0 |             6.7 |
| clk_out2_clk_wiz_0 | clk_wiz_0/inst/clk_out2_clk_wiz_0 |             1.3 |
| clkfbout_clk_wiz_0 | clk_wiz_0/inst/clkfbout_clk_wiz_0 |            20.0 |
| sys_clk            | sys_clk                           |            20.0 |
+--------------------+-----------------------------------+-----------------+


3. Detailed Reports
-------------------

3.1 By Hierarchy
----------------

+------------------------------------------------+-----------+
| Name                                           | Power (W) |
+------------------------------------------------+-----------+
| hdmi_colorbar_top                              |     0.195 |
|   clk_wiz_0                                    |     0.096 |
|     inst                                       |     0.096 |
|   u_rgb2dvi_0                                  |     0.026 |
|     encoder_b                                  |     0.002 |
|     encoder_g                                  |     0.002 |
|     encoder_r                                  |     0.001 |
|     reset_syn                                  |    <0.001 |
|     serializer_b                               |     0.001 |
|     serializer_clk                             |    <0.001 |
|     serializer_g                               |     0.001 |
|     serializer_r                               |    <0.001 |
|   u_video_display                              |     0.073 |
|     blk_mem_gen_0                              |     0.037 |
|       U0                                       |     0.037 |
|         inst_blk_mem_gen                       |     0.037 |
|           gnbram.gnativebmg.native_blk_mem_gen |     0.037 |
|             valid.cstr                         |     0.037 |
|               has_mux_a.A                      |    <0.001 |
|               ramloop[0].ram.r                 |     0.005 |
|                 prim_init.ram                  |     0.005 |
|               ramloop[10].ram.r                |    <0.001 |
|                 prim_init.ram                  |    <0.001 |
|               ramloop[11].ram.r                |     0.005 |
|                 prim_init.ram                  |     0.005 |
|               ramloop[12].ram.r                |    <0.001 |
|                 prim_init.ram                  |    <0.001 |
|               ramloop[13].ram.r                |     0.005 |
|                 prim_init.ram                  |     0.005 |
|               ramloop[14].ram.r                |    <0.001 |
|                 prim_init.ram                  |    <0.001 |
|               ramloop[15].ram.r                |    <0.001 |
|                 prim_init.ram                  |    <0.001 |
|               ramloop[16].ram.r                |     0.005 |
|                 prim_init.ram                  |     0.005 |
|               ramloop[17].ram.r                |    <0.001 |
|                 prim_init.ram                  |    <0.001 |
|               ramloop[18].ram.r                |     0.002 |
|                 prim_init.ram                  |     0.002 |
|               ramloop[19].ram.r                |    <0.001 |
|                 prim_init.ram                  |    <0.001 |
|               ramloop[1].ram.r                 |    <0.001 |
|                 prim_init.ram                  |    <0.001 |
|               ramloop[20].ram.r                |    <0.001 |
|                 prim_init.ram                  |    <0.001 |
|               ramloop[21].ram.r                |    <0.001 |
|                 prim_init.ram                  |    <0.001 |
|               ramloop[22].ram.r                |    <0.001 |
|                 prim_init.ram                  |    <0.001 |
|               ramloop[23].ram.r                |    <0.001 |
|                 prim_init.ram                  |    <0.001 |
|               ramloop[24].ram.r                |    <0.001 |
|                 prim_init.ram                  |    <0.001 |
|               ramloop[25].ram.r                |    <0.001 |
|                 prim_init.ram                  |    <0.001 |
|               ramloop[26].ram.r                |    <0.001 |
|                 prim_init.ram                  |    <0.001 |
|               ramloop[27].ram.r                |    <0.001 |
|                 prim_init.ram                  |    <0.001 |
|               ramloop[28].ram.r                |    <0.001 |
|                 prim_init.ram                  |    <0.001 |
|               ramloop[29].ram.r                |    <0.001 |
|                 prim_init.ram                  |    <0.001 |
|               ramloop[2].ram.r                 |    <0.001 |
|                 prim_init.ram                  |    <0.001 |
|               ramloop[30].ram.r                |    <0.001 |
|                 prim_init.ram                  |    <0.001 |
|               ramloop[31].ram.r                |    <0.001 |
|                 prim_init.ram                  |    <0.001 |
|               ramloop[32].ram.r                |    <0.001 |
|                 prim_init.ram                  |    <0.001 |
|               ramloop[33].ram.r                |    <0.001 |
|                 prim_init.ram                  |    <0.001 |
|               ramloop[34].ram.r                |    <0.001 |
|                 prim_init.ram                  |    <0.001 |
|               ramloop[35].ram.r                |    <0.001 |
|                 prim_init.ram                  |    <0.001 |
|               ramloop[36].ram.r                |    <0.001 |
|                 prim_init.ram                  |    <0.001 |
|               ramloop[37].ram.r                |    <0.001 |
|                 prim_init.ram                  |    <0.001 |
|               ramloop[38].ram.r                |    <0.001 |
|                 prim_init.ram                  |    <0.001 |
|               ramloop[39].ram.r                |    <0.001 |
|                 prim_init.ram                  |    <0.001 |
|               ramloop[3].ram.r                 |    <0.001 |
|                 prim_init.ram                  |    <0.001 |
|               ramloop[40].ram.r                |    <0.001 |
|                 prim_init.ram                  |    <0.001 |
|               ramloop[41].ram.r                |    <0.001 |
|                 prim_init.ram                  |    <0.001 |
|               ramloop[42].ram.r                |    <0.001 |
|                 prim_init.ram                  |    <0.001 |
|               ramloop[43].ram.r                |    <0.001 |
|                 prim_init.ram                  |    <0.001 |
|               ramloop[44].ram.r                |    <0.001 |
|                 prim_init.ram                  |    <0.001 |
|               ramloop[45].ram.r                |    <0.001 |
|                 prim_init.ram                  |    <0.001 |
|               ramloop[46].ram.r                |    <0.001 |
|                 prim_init.ram                  |    <0.001 |
|               ramloop[47].ram.r                |    <0.001 |
|                 prim_init.ram                  |    <0.001 |
|               ramloop[48].ram.r                |     0.002 |
|                 prim_init.ram                  |     0.002 |
|               ramloop[49].ram.r                |    <0.001 |
|                 prim_init.ram                  |    <0.001 |
|               ramloop[4].ram.r                 |     0.005 |
|                 prim_init.ram                  |     0.005 |
|               ramloop[50].ram.r                |    <0.001 |
|                 prim_init.ram                  |    <0.001 |
|               ramloop[51].ram.r                |    <0.001 |
|                 prim_init.ram                  |    <0.001 |
|               ramloop[52].ram.r                |    <0.001 |
|                 prim_init.ram                  |    <0.001 |
|               ramloop[53].ram.r                |    <0.001 |
|                 prim_init.ram                  |    <0.001 |
|               ramloop[54].ram.r                |    <0.001 |
|                 prim_init.ram                  |    <0.001 |
|               ramloop[55].ram.r                |    <0.001 |
|                 prim_init.ram                  |    <0.001 |
|               ramloop[56].ram.r                |    <0.001 |
|                 prim_init.ram                  |    <0.001 |
|               ramloop[57].ram.r                |    <0.001 |
|                 prim_init.ram                  |    <0.001 |
|               ramloop[58].ram.r                |    <0.001 |
|                 prim_init.ram                  |    <0.001 |
|               ramloop[59].ram.r                |    <0.001 |
|                 prim_init.ram                  |    <0.001 |
|               ramloop[5].ram.r                 |    <0.001 |
|                 prim_init.ram                  |    <0.001 |
|               ramloop[60].ram.r                |    <0.001 |
|                 prim_init.ram                  |    <0.001 |
|               ramloop[61].ram.r                |    <0.001 |
|                 prim_init.ram                  |    <0.001 |
|               ramloop[62].ram.r                |    <0.001 |
|                 prim_init.ram                  |    <0.001 |
|               ramloop[63].ram.r                |    <0.001 |
|                 prim_init.ram                  |    <0.001 |
|               ramloop[64].ram.r                |    <0.001 |
|                 prim_init.ram                  |    <0.001 |
|               ramloop[65].ram.r                |    <0.001 |
|                 prim_init.ram                  |    <0.001 |
|               ramloop[66].ram.r                |    <0.001 |
|                 prim_init.ram                  |    <0.001 |
|               ramloop[67].ram.r                |    <0.001 |
|                 prim_init.ram                  |    <0.001 |
|               ramloop[68].ram.r                |    <0.001 |
|                 prim_init.ram                  |    <0.001 |
|               ramloop[69].ram.r                |    <0.001 |
|                 prim_init.ram                  |    <0.001 |
|               ramloop[6].ram.r                 |    <0.001 |
|                 prim_init.ram                  |    <0.001 |
|               ramloop[70].ram.r                |    <0.001 |
|                 prim_init.ram                  |    <0.001 |
|               ramloop[71].ram.r                |    <0.001 |
|                 prim_init.ram                  |    <0.001 |
|               ramloop[72].ram.r                |    <0.001 |
|                 prim_init.ram                  |    <0.001 |
|               ramloop[73].ram.r                |    <0.001 |
|                 prim_init.ram                  |    <0.001 |
|               ramloop[74].ram.r                |    <0.001 |
|                 prim_init.ram                  |    <0.001 |
|               ramloop[75].ram.r                |    <0.001 |
|                 prim_init.ram                  |    <0.001 |
|               ramloop[76].ram.r                |    <0.001 |
|                 prim_init.ram                  |    <0.001 |
|               ramloop[7].ram.r                 |     0.005 |
|                 prim_init.ram                  |     0.005 |
|               ramloop[8].ram.r                 |    <0.001 |
|                 prim_init.ram                  |    <0.001 |
|               ramloop[9].ram.r                 |    <0.001 |
|                 prim_init.ram                  |    <0.001 |
|     u3_sync_fifo                               |     0.005 |
|       mem_reg_0_63_0_2                         |    <0.001 |
|       mem_reg_0_63_12_14                       |    <0.001 |
|       mem_reg_0_63_15_17                       |    <0.001 |
|       mem_reg_0_63_18_20                       |    <0.001 |
|       mem_reg_0_63_21_23                       |    <0.001 |
|       mem_reg_0_63_3_5                         |    <0.001 |
|       mem_reg_0_63_6_8                         |    <0.001 |
|       mem_reg_0_63_9_11                        |    <0.001 |
|       mem_reg_128_191_0_2                      |    <0.001 |
|       mem_reg_128_191_12_14                    |    <0.001 |
|       mem_reg_128_191_15_17                    |    <0.001 |
|       mem_reg_128_191_18_20                    |    <0.001 |
|       mem_reg_128_191_21_23                    |    <0.001 |
|       mem_reg_128_191_3_5                      |    <0.001 |
|       mem_reg_128_191_6_8                      |    <0.001 |
|       mem_reg_128_191_9_11                     |    <0.001 |
|       mem_reg_192_255_0_2                      |    <0.001 |
|       mem_reg_192_255_12_14                    |    <0.001 |
|       mem_reg_192_255_15_17                    |    <0.001 |
|       mem_reg_192_255_18_20                    |    <0.001 |
|       mem_reg_192_255_21_23                    |    <0.001 |
|       mem_reg_192_255_3_5                      |    <0.001 |
|       mem_reg_192_255_6_8                      |    <0.001 |
|       mem_reg_192_255_9_11                     |    <0.001 |
|       mem_reg_256_319_0_2                      |    <0.001 |
|       mem_reg_256_319_12_14                    |    <0.001 |
|       mem_reg_256_319_15_17                    |    <0.001 |
|       mem_reg_256_319_18_20                    |    <0.001 |
|       mem_reg_256_319_21_23                    |    <0.001 |
|       mem_reg_256_319_3_5                      |    <0.001 |
|       mem_reg_256_319_6_8                      |    <0.001 |
|       mem_reg_256_319_9_11                     |    <0.001 |
|       mem_reg_320_383_0_2                      |    <0.001 |
|       mem_reg_320_383_12_14                    |    <0.001 |
|       mem_reg_320_383_15_17                    |    <0.001 |
|       mem_reg_320_383_18_20                    |    <0.001 |
|       mem_reg_320_383_21_23                    |    <0.001 |
|       mem_reg_320_383_3_5                      |    <0.001 |
|       mem_reg_320_383_6_8                      |    <0.001 |
|       mem_reg_320_383_9_11                     |    <0.001 |
|       mem_reg_384_447_0_2                      |    <0.001 |
|       mem_reg_384_447_12_14                    |    <0.001 |
|       mem_reg_384_447_15_17                    |    <0.001 |
|       mem_reg_384_447_18_20                    |    <0.001 |
|       mem_reg_384_447_21_23                    |    <0.001 |
|       mem_reg_384_447_3_5                      |    <0.001 |
|       mem_reg_384_447_6_8                      |    <0.001 |
|       mem_reg_384_447_9_11                     |    <0.001 |
|       mem_reg_64_127_0_2                       |    <0.001 |
|       mem_reg_64_127_12_14                     |    <0.001 |
|       mem_reg_64_127_15_17                     |    <0.001 |
|       mem_reg_64_127_18_20                     |    <0.001 |
|       mem_reg_64_127_21_23                     |    <0.001 |
|       mem_reg_64_127_3_5                       |    <0.001 |
|       mem_reg_64_127_6_8                       |    <0.001 |
|       mem_reg_64_127_9_11                      |    <0.001 |
|     u_video_image_processor                    |     0.010 |
|       u_median_filter_proc                     |     0.010 |
|         u_Matrix_Generate_3X3_8Bit             |     0.007 |
|           u1_sync_fifo                         |     0.002 |
|             mem_reg_0_63_0_2                   |    <0.001 |
|             mem_reg_0_63_3_5                   |    <0.001 |
|             mem_reg_0_63_6_6                   |    <0.001 |
|             mem_reg_0_63_7_7                   |    <0.001 |
|             mem_reg_128_191_0_2                |    <0.001 |
|             mem_reg_128_191_3_5                |    <0.001 |
|             mem_reg_128_191_6_6                |    <0.001 |
|             mem_reg_128_191_7_7                |    <0.001 |
|             mem_reg_192_255_0_2                |    <0.001 |
|             mem_reg_192_255_3_5                |    <0.001 |
|             mem_reg_192_255_6_6                |    <0.001 |
|             mem_reg_192_255_7_7                |    <0.001 |
|             mem_reg_256_319_0_2                |    <0.001 |
|             mem_reg_256_319_3_5                |    <0.001 |
|             mem_reg_256_319_6_6                |    <0.001 |
|             mem_reg_256_319_7_7                |    <0.001 |
|             mem_reg_320_383_0_2                |    <0.001 |
|             mem_reg_320_383_3_5                |    <0.001 |
|             mem_reg_320_383_6_6                |    <0.001 |
|             mem_reg_320_383_7_7                |    <0.001 |
|             mem_reg_384_447_0_2                |    <0.001 |
|             mem_reg_384_447_3_5                |    <0.001 |
|             mem_reg_384_447_6_6                |    <0.001 |
|             mem_reg_384_447_7_7                |    <0.001 |
|             mem_reg_448_511_0_2                |    <0.001 |
|             mem_reg_448_511_3_5                |    <0.001 |
|             mem_reg_448_511_6_6                |    <0.001 |
|             mem_reg_448_511_7_7                |    <0.001 |
|             mem_reg_512_575_0_2                |    <0.001 |
|             mem_reg_512_575_3_5                |    <0.001 |
|             mem_reg_512_575_6_6                |    <0.001 |
|             mem_reg_512_575_7_7                |    <0.001 |
|             mem_reg_576_639_0_2                |    <0.001 |
|             mem_reg_576_639_3_5                |    <0.001 |
|             mem_reg_576_639_6_6                |    <0.001 |
|             mem_reg_576_639_7_7                |    <0.001 |
|             mem_reg_640_703_0_2                |    <0.001 |
|             mem_reg_640_703_3_5                |    <0.001 |
|             mem_reg_640_703_6_6                |    <0.001 |
|             mem_reg_640_703_7_7                |    <0.001 |
|             mem_reg_64_127_0_2                 |    <0.001 |
|             mem_reg_64_127_3_5                 |    <0.001 |
|             mem_reg_64_127_6_6                 |    <0.001 |
|             mem_reg_64_127_7_7                 |    <0.001 |
|             mem_reg_704_767_0_2                |    <0.001 |
|             mem_reg_704_767_3_5                |    <0.001 |
|             mem_reg_704_767_6_6                |    <0.001 |
|             mem_reg_704_767_7_7                |    <0.001 |
|             mem_reg_768_831_0_2                |    <0.001 |
|             mem_reg_768_831_3_5                |    <0.001 |
|             mem_reg_768_831_6_6                |    <0.001 |
|             mem_reg_768_831_7_7                |    <0.001 |
|             mem_reg_832_895_0_2                |    <0.001 |
|             mem_reg_832_895_3_5                |    <0.001 |
|             mem_reg_832_895_6_6                |    <0.001 |
|             mem_reg_832_895_7_7                |    <0.001 |
|             mem_reg_896_959_0_2                |    <0.001 |
|             mem_reg_896_959_3_5                |    <0.001 |
|             mem_reg_896_959_6_6                |    <0.001 |
|             mem_reg_896_959_7_7                |    <0.001 |
|             mem_reg_960_1023_0_2               |    <0.001 |
|             mem_reg_960_1023_3_5               |    <0.001 |
|             mem_reg_960_1023_6_6               |    <0.001 |
|             mem_reg_960_1023_7_7               |    <0.001 |
|           u2_sync_fifo                         |     0.002 |
|             mem_reg_0_63_0_2                   |    <0.001 |
|             mem_reg_0_63_3_5                   |    <0.001 |
|             mem_reg_0_63_6_6                   |    <0.001 |
|             mem_reg_0_63_7_7                   |    <0.001 |
|             mem_reg_128_191_0_2                |    <0.001 |
|             mem_reg_128_191_3_5                |    <0.001 |
|             mem_reg_128_191_6_6                |    <0.001 |
|             mem_reg_128_191_7_7                |    <0.001 |
|             mem_reg_192_255_0_2                |    <0.001 |
|             mem_reg_192_255_3_5                |    <0.001 |
|             mem_reg_192_255_6_6                |    <0.001 |
|             mem_reg_192_255_7_7                |    <0.001 |
|             mem_reg_256_319_0_2                |    <0.001 |
|             mem_reg_256_319_3_5                |    <0.001 |
|             mem_reg_256_319_6_6                |    <0.001 |
|             mem_reg_256_319_7_7                |    <0.001 |
|             mem_reg_320_383_0_2                |    <0.001 |
|             mem_reg_320_383_3_5                |    <0.001 |
|             mem_reg_320_383_6_6                |    <0.001 |
|             mem_reg_320_383_7_7                |    <0.001 |
|             mem_reg_384_447_0_2                |    <0.001 |
|             mem_reg_384_447_3_5                |    <0.001 |
|             mem_reg_384_447_6_6                |    <0.001 |
|             mem_reg_384_447_7_7                |    <0.001 |
|             mem_reg_448_511_0_2                |    <0.001 |
|             mem_reg_448_511_3_5                |    <0.001 |
|             mem_reg_448_511_6_6                |    <0.001 |
|             mem_reg_448_511_7_7                |    <0.001 |
|             mem_reg_512_575_0_2                |    <0.001 |
|             mem_reg_512_575_3_5                |    <0.001 |
|             mem_reg_512_575_6_6                |    <0.001 |
|             mem_reg_512_575_7_7                |    <0.001 |
|             mem_reg_576_639_0_2                |    <0.001 |
|             mem_reg_576_639_3_5                |    <0.001 |
|             mem_reg_576_639_6_6                |    <0.001 |
|             mem_reg_576_639_7_7                |    <0.001 |
|             mem_reg_640_703_0_2                |    <0.001 |
|             mem_reg_640_703_3_5                |    <0.001 |
|             mem_reg_640_703_6_6                |    <0.001 |
|             mem_reg_640_703_7_7                |    <0.001 |
|             mem_reg_64_127_0_2                 |    <0.001 |
|             mem_reg_64_127_3_5                 |    <0.001 |
|             mem_reg_64_127_6_6                 |    <0.001 |
|             mem_reg_64_127_7_7                 |    <0.001 |
|             mem_reg_704_767_0_2                |    <0.001 |
|             mem_reg_704_767_3_5                |    <0.001 |
|             mem_reg_704_767_6_6                |    <0.001 |
|             mem_reg_704_767_7_7                |    <0.001 |
|             mem_reg_768_831_0_2                |    <0.001 |
|             mem_reg_768_831_3_5                |    <0.001 |
|             mem_reg_768_831_6_6                |    <0.001 |
|             mem_reg_768_831_7_7                |    <0.001 |
|             mem_reg_832_895_0_2                |    <0.001 |
|             mem_reg_832_895_3_5                |    <0.001 |
|             mem_reg_832_895_6_6                |    <0.001 |
|             mem_reg_832_895_7_7                |    <0.001 |
|             mem_reg_896_959_0_2                |    <0.001 |
|             mem_reg_896_959_3_5                |    <0.001 |
|             mem_reg_896_959_6_6                |    <0.001 |
|             mem_reg_896_959_7_7                |    <0.001 |
|             mem_reg_960_1023_0_2               |    <0.001 |
|             mem_reg_960_1023_3_5               |    <0.001 |
|             mem_reg_960_1023_6_6               |    <0.001 |
|             mem_reg_960_1023_7_7               |    <0.001 |
|     u_video_image_processor1                   |     0.010 |
|       u_median_filter_proc                     |     0.010 |
|         u_Matrix_Generate_3X3_8Bit             |     0.006 |
|           u1_sync_fifo                         |     0.002 |
|             mem_reg_0_63_0_2                   |    <0.001 |
|             mem_reg_0_63_3_5                   |    <0.001 |
|             mem_reg_0_63_6_6                   |    <0.001 |
|             mem_reg_0_63_7_7                   |    <0.001 |
|             mem_reg_128_191_0_2                |    <0.001 |
|             mem_reg_128_191_3_5                |    <0.001 |
|             mem_reg_128_191_6_6                |    <0.001 |
|             mem_reg_128_191_7_7                |    <0.001 |
|             mem_reg_192_255_0_2                |    <0.001 |
|             mem_reg_192_255_3_5                |    <0.001 |
|             mem_reg_192_255_6_6                |    <0.001 |
|             mem_reg_192_255_7_7                |    <0.001 |
|             mem_reg_256_319_0_2                |    <0.001 |
|             mem_reg_256_319_3_5                |    <0.001 |
|             mem_reg_256_319_6_6                |    <0.001 |
|             mem_reg_256_319_7_7                |    <0.001 |
|             mem_reg_320_383_0_2                |    <0.001 |
|             mem_reg_320_383_3_5                |    <0.001 |
|             mem_reg_320_383_6_6                |    <0.001 |
|             mem_reg_320_383_7_7                |    <0.001 |
|             mem_reg_384_447_0_2                |    <0.001 |
|             mem_reg_384_447_3_5                |    <0.001 |
|             mem_reg_384_447_6_6                |    <0.001 |
|             mem_reg_384_447_7_7                |    <0.001 |
|             mem_reg_448_511_0_2                |    <0.001 |
|             mem_reg_448_511_3_5                |    <0.001 |
|             mem_reg_448_511_6_6                |    <0.001 |
|             mem_reg_448_511_7_7                |    <0.001 |
|             mem_reg_512_575_0_2                |    <0.001 |
|             mem_reg_512_575_3_5                |    <0.001 |
|             mem_reg_512_575_6_6                |    <0.001 |
|             mem_reg_512_575_7_7                |    <0.001 |
|             mem_reg_576_639_0_2                |    <0.001 |
|             mem_reg_576_639_3_5                |    <0.001 |
|             mem_reg_576_639_6_6                |    <0.001 |
|             mem_reg_576_639_7_7                |    <0.001 |
|             mem_reg_640_703_0_2                |    <0.001 |
|             mem_reg_640_703_3_5                |    <0.001 |
|             mem_reg_640_703_6_6                |    <0.001 |
|             mem_reg_640_703_7_7                |    <0.001 |
|             mem_reg_64_127_0_2                 |    <0.001 |
|             mem_reg_64_127_3_5                 |    <0.001 |
|             mem_reg_64_127_6_6                 |    <0.001 |
|             mem_reg_64_127_7_7                 |    <0.001 |
|             mem_reg_704_767_0_2                |    <0.001 |
|             mem_reg_704_767_3_5                |    <0.001 |
|             mem_reg_704_767_6_6                |    <0.001 |
|             mem_reg_704_767_7_7                |    <0.001 |
|             mem_reg_768_831_0_2                |    <0.001 |
|             mem_reg_768_831_3_5                |    <0.001 |
|             mem_reg_768_831_6_6                |    <0.001 |
|             mem_reg_768_831_7_7                |    <0.001 |
|             mem_reg_832_895_0_2                |    <0.001 |
|             mem_reg_832_895_3_5                |    <0.001 |
|             mem_reg_832_895_6_6                |    <0.001 |
|             mem_reg_832_895_7_7                |    <0.001 |
|             mem_reg_896_959_0_2                |    <0.001 |
|             mem_reg_896_959_3_5                |    <0.001 |
|             mem_reg_896_959_6_6                |    <0.001 |
|             mem_reg_896_959_7_7                |    <0.001 |
|             mem_reg_960_1023_0_2               |    <0.001 |
|             mem_reg_960_1023_3_5               |    <0.001 |
|             mem_reg_960_1023_6_6               |    <0.001 |
|             mem_reg_960_1023_7_7               |    <0.001 |
|           u2_sync_fifo                         |     0.002 |
|             mem_reg_0_63_0_2                   |    <0.001 |
|             mem_reg_0_63_3_5                   |    <0.001 |
|             mem_reg_0_63_6_6                   |    <0.001 |
|             mem_reg_0_63_7_7                   |    <0.001 |
|             mem_reg_128_191_0_2                |    <0.001 |
|             mem_reg_128_191_3_5                |    <0.001 |
|             mem_reg_128_191_6_6                |    <0.001 |
|             mem_reg_128_191_7_7                |    <0.001 |
|             mem_reg_192_255_0_2                |    <0.001 |
|             mem_reg_192_255_3_5                |    <0.001 |
|             mem_reg_192_255_6_6                |    <0.001 |
|             mem_reg_192_255_7_7                |    <0.001 |
|             mem_reg_256_319_0_2                |    <0.001 |
|             mem_reg_256_319_3_5                |    <0.001 |
|             mem_reg_256_319_6_6                |    <0.001 |
|             mem_reg_256_319_7_7                |    <0.001 |
|             mem_reg_320_383_0_2                |    <0.001 |
|             mem_reg_320_383_3_5                |    <0.001 |
|             mem_reg_320_383_6_6                |    <0.001 |
|             mem_reg_320_383_7_7                |    <0.001 |
|             mem_reg_384_447_0_2                |    <0.001 |
|             mem_reg_384_447_3_5                |    <0.001 |
|             mem_reg_384_447_6_6                |    <0.001 |
|             mem_reg_384_447_7_7                |    <0.001 |
|             mem_reg_448_511_0_2                |    <0.001 |
|             mem_reg_448_511_3_5                |    <0.001 |
|             mem_reg_448_511_6_6                |    <0.001 |
|             mem_reg_448_511_7_7                |    <0.001 |
|             mem_reg_512_575_0_2                |    <0.001 |
|             mem_reg_512_575_3_5                |    <0.001 |
|             mem_reg_512_575_6_6                |    <0.001 |
|             mem_reg_512_575_7_7                |    <0.001 |
|             mem_reg_576_639_0_2                |    <0.001 |
|             mem_reg_576_639_3_5                |    <0.001 |
|             mem_reg_576_639_6_6                |    <0.001 |
|             mem_reg_576_639_7_7                |    <0.001 |
|             mem_reg_640_703_0_2                |    <0.001 |
|             mem_reg_640_703_3_5                |    <0.001 |
|             mem_reg_640_703_6_6                |    <0.001 |
|             mem_reg_640_703_7_7                |    <0.001 |
|             mem_reg_64_127_0_2                 |    <0.001 |
|             mem_reg_64_127_3_5                 |    <0.001 |
|             mem_reg_64_127_6_6                 |    <0.001 |
|             mem_reg_64_127_7_7                 |    <0.001 |
|             mem_reg_704_767_0_2                |    <0.001 |
|             mem_reg_704_767_3_5                |    <0.001 |
|             mem_reg_704_767_6_6                |    <0.001 |
|             mem_reg_704_767_7_7                |    <0.001 |
|             mem_reg_768_831_0_2                |    <0.001 |
|             mem_reg_768_831_3_5                |    <0.001 |
|             mem_reg_768_831_6_6                |    <0.001 |
|             mem_reg_768_831_7_7                |    <0.001 |
|             mem_reg_832_895_0_2                |    <0.001 |
|             mem_reg_832_895_3_5                |    <0.001 |
|             mem_reg_832_895_6_6                |    <0.001 |
|             mem_reg_832_895_7_7                |    <0.001 |
|             mem_reg_896_959_0_2                |    <0.001 |
|             mem_reg_896_959_3_5                |    <0.001 |
|             mem_reg_896_959_6_6                |    <0.001 |
|             mem_reg_896_959_7_7                |    <0.001 |
|             mem_reg_960_1023_0_2               |    <0.001 |
|             mem_reg_960_1023_3_5               |    <0.001 |
|             mem_reg_960_1023_6_6               |    <0.001 |
|             mem_reg_960_1023_7_7               |    <0.001 |
|     u_video_image_processor2                   |     0.010 |
|       u_median_filter_proc                     |     0.010 |
|         u_Matrix_Generate_3X3_8Bit             |     0.006 |
|           u1_sync_fifo                         |     0.002 |
|             mem_reg_0_63_0_2                   |    <0.001 |
|             mem_reg_0_63_3_5                   |    <0.001 |
|             mem_reg_0_63_6_6                   |    <0.001 |
|             mem_reg_0_63_7_7                   |    <0.001 |
|             mem_reg_128_191_0_2                |    <0.001 |
|             mem_reg_128_191_3_5                |    <0.001 |
|             mem_reg_128_191_6_6                |    <0.001 |
|             mem_reg_128_191_7_7                |    <0.001 |
|             mem_reg_192_255_0_2                |    <0.001 |
|             mem_reg_192_255_3_5                |    <0.001 |
|             mem_reg_192_255_6_6                |    <0.001 |
|             mem_reg_192_255_7_7                |    <0.001 |
|             mem_reg_256_319_0_2                |    <0.001 |
|             mem_reg_256_319_3_5                |    <0.001 |
|             mem_reg_256_319_6_6                |    <0.001 |
|             mem_reg_256_319_7_7                |    <0.001 |
|             mem_reg_320_383_0_2                |    <0.001 |
|             mem_reg_320_383_3_5                |    <0.001 |
|             mem_reg_320_383_6_6                |    <0.001 |
|             mem_reg_320_383_7_7                |    <0.001 |
|             mem_reg_384_447_0_2                |    <0.001 |
|             mem_reg_384_447_3_5                |    <0.001 |
|             mem_reg_384_447_6_6                |    <0.001 |
|             mem_reg_384_447_7_7                |    <0.001 |
|             mem_reg_448_511_0_2                |    <0.001 |
|             mem_reg_448_511_3_5                |    <0.001 |
|             mem_reg_448_511_6_6                |    <0.001 |
|             mem_reg_448_511_7_7                |    <0.001 |
|             mem_reg_512_575_0_2                |    <0.001 |
|             mem_reg_512_575_3_5                |    <0.001 |
|             mem_reg_512_575_6_6                |    <0.001 |
|             mem_reg_512_575_7_7                |    <0.001 |
|             mem_reg_576_639_0_2                |    <0.001 |
|             mem_reg_576_639_3_5                |    <0.001 |
|             mem_reg_576_639_6_6                |    <0.001 |
|             mem_reg_576_639_7_7                |    <0.001 |
|             mem_reg_640_703_0_2                |    <0.001 |
|             mem_reg_640_703_3_5                |    <0.001 |
|             mem_reg_640_703_6_6                |    <0.001 |
|             mem_reg_640_703_7_7                |    <0.001 |
|             mem_reg_64_127_0_2                 |    <0.001 |
|             mem_reg_64_127_3_5                 |    <0.001 |
|             mem_reg_64_127_6_6                 |    <0.001 |
|             mem_reg_64_127_7_7                 |    <0.001 |
|             mem_reg_704_767_0_2                |    <0.001 |
|             mem_reg_704_767_3_5                |    <0.001 |
|             mem_reg_704_767_6_6                |    <0.001 |
|             mem_reg_704_767_7_7                |    <0.001 |
|             mem_reg_768_831_0_2                |    <0.001 |
|             mem_reg_768_831_3_5                |    <0.001 |
|             mem_reg_768_831_6_6                |    <0.001 |
|             mem_reg_768_831_7_7                |    <0.001 |
|             mem_reg_832_895_0_2                |    <0.001 |
|             mem_reg_832_895_3_5                |    <0.001 |
|             mem_reg_832_895_6_6                |    <0.001 |
|             mem_reg_832_895_7_7                |    <0.001 |
|             mem_reg_896_959_0_2                |    <0.001 |
|             mem_reg_896_959_3_5                |    <0.001 |
|             mem_reg_896_959_6_6                |    <0.001 |
|             mem_reg_896_959_7_7                |    <0.001 |
|             mem_reg_960_1023_0_2               |    <0.001 |
|             mem_reg_960_1023_3_5               |    <0.001 |
|             mem_reg_960_1023_6_6               |    <0.001 |
|             mem_reg_960_1023_7_7               |    <0.001 |
|           u2_sync_fifo                         |     0.002 |
|             mem_reg_0_63_0_2                   |    <0.001 |
|             mem_reg_0_63_3_5                   |    <0.001 |
|             mem_reg_0_63_6_6                   |    <0.001 |
|             mem_reg_0_63_7_7                   |    <0.001 |
|             mem_reg_128_191_0_2                |    <0.001 |
|             mem_reg_128_191_3_5                |    <0.001 |
|             mem_reg_128_191_6_6                |    <0.001 |
|             mem_reg_128_191_7_7                |    <0.001 |
|             mem_reg_192_255_0_2                |    <0.001 |
|             mem_reg_192_255_3_5                |    <0.001 |
|             mem_reg_192_255_6_6                |    <0.001 |
|             mem_reg_192_255_7_7                |    <0.001 |
|             mem_reg_256_319_0_2                |    <0.001 |
|             mem_reg_256_319_3_5                |    <0.001 |
|             mem_reg_256_319_6_6                |    <0.001 |
|             mem_reg_256_319_7_7                |    <0.001 |
|             mem_reg_320_383_0_2                |    <0.001 |
|             mem_reg_320_383_3_5                |    <0.001 |
|             mem_reg_320_383_6_6                |    <0.001 |
|             mem_reg_320_383_7_7                |    <0.001 |
|             mem_reg_384_447_0_2                |    <0.001 |
|             mem_reg_384_447_3_5                |    <0.001 |
|             mem_reg_384_447_6_6                |    <0.001 |
|             mem_reg_384_447_7_7                |    <0.001 |
|             mem_reg_448_511_0_2                |    <0.001 |
|             mem_reg_448_511_3_5                |    <0.001 |
|             mem_reg_448_511_6_6                |    <0.001 |
|             mem_reg_448_511_7_7                |    <0.001 |
|             mem_reg_512_575_0_2                |    <0.001 |
|             mem_reg_512_575_3_5                |    <0.001 |
|             mem_reg_512_575_6_6                |    <0.001 |
|             mem_reg_512_575_7_7                |    <0.001 |
|             mem_reg_576_639_0_2                |    <0.001 |
|             mem_reg_576_639_3_5                |    <0.001 |
|             mem_reg_576_639_6_6                |    <0.001 |
|             mem_reg_576_639_7_7                |    <0.001 |
|             mem_reg_640_703_0_2                |    <0.001 |
|             mem_reg_640_703_3_5                |    <0.001 |
|             mem_reg_640_703_6_6                |    <0.001 |
|             mem_reg_640_703_7_7                |    <0.001 |
|             mem_reg_64_127_0_2                 |    <0.001 |
|             mem_reg_64_127_3_5                 |    <0.001 |
|             mem_reg_64_127_6_6                 |    <0.001 |
|             mem_reg_64_127_7_7                 |    <0.001 |
|             mem_reg_704_767_0_2                |    <0.001 |
|             mem_reg_704_767_3_5                |    <0.001 |
|             mem_reg_704_767_6_6                |    <0.001 |
|             mem_reg_704_767_7_7                |    <0.001 |
|             mem_reg_768_831_0_2                |    <0.001 |
|             mem_reg_768_831_3_5                |    <0.001 |
|             mem_reg_768_831_6_6                |    <0.001 |
|             mem_reg_768_831_7_7                |    <0.001 |
|             mem_reg_832_895_0_2                |    <0.001 |
|             mem_reg_832_895_3_5                |    <0.001 |
|             mem_reg_832_895_6_6                |    <0.001 |
|             mem_reg_832_895_7_7                |    <0.001 |
|             mem_reg_896_959_0_2                |    <0.001 |
|             mem_reg_896_959_3_5                |    <0.001 |
|             mem_reg_896_959_6_6                |    <0.001 |
|             mem_reg_896_959_7_7                |    <0.001 |
|             mem_reg_960_1023_0_2               |    <0.001 |
|             mem_reg_960_1023_3_5               |    <0.001 |
|             mem_reg_960_1023_6_6               |    <0.001 |
|             mem_reg_960_1023_7_7               |    <0.001 |
|   u_video_driver                               |     0.001 |
+------------------------------------------------+-----------+


