#-----------------------------------------------------------
# Vivado v2017.4 (64-bit)
# SW Build 2086221 on Fri Dec 15 20:55:39 MST 2017
# IP Build 2085800 on Fri Dec 15 22:25:07 MST 2017
# Start of session at: Sat Apr 13 19:30:08 2024
# Process ID: 12380
# Current directory: C:/code/zynq_pri/zynq_study/hdmi_output_contrast_adjust/rtl/syn
# Command line: vivado.exe -gui_launcher_event rodinguilauncherevent4336 C:\code\zynq_pri\zynq_study\hdmi_output_contrast_adjust\rtl\syn\top.xpr
# Log file: C:/code/zynq_pri/zynq_study/hdmi_output_contrast_adjust/rtl/syn/vivado.log
# Journal file: C:/code/zynq_pri/zynq_study/hdmi_output_contrast_adjust/rtl/syn\vivado.jou
#-----------------------------------------------------------
start_gui
open_project C:/code/zynq_pri/zynq_study/hdmi_output_contrast_adjust/rtl/syn/top.xpr
update_compile_order -fileset sources_1
add_files -norecurse C:/code/zynq_pri/zynq_study/hdmi_output_contrast_adjust/rtl/src/contrast_adjust_v2.v
update_compile_order -fileset sources_1
export_ip_user_files -of_objects  [get_files C:/code/zynq_pri/zynq_study/hdmi_output_contrast_adjust/alg/iu.coe] -no_script -reset -force -quiet
remove_files  C:/code/zynq_pri/zynq_study/hdmi_output_contrast_adjust/alg/iu.coe
export_ip_user_files -of_objects  [get_files C:/code/zynq_pri/zynq_study/hdmi_output_contrast_adjust/alg/imres.coe] -no_script -reset -force -quiet
remove_files  C:/code/zynq_pri/zynq_study/hdmi_output_contrast_adjust/alg/imres.coe
reset_run synth_1
launch_runs impl_1 -to_step write_bitstream -jobs 8
wait_on_run impl_1
reset_run synth_1
update_compile_order -fileset sources_1
launch_runs impl_1 -to_step write_bitstream -jobs 8
wait_on_run impl_1
export_ip_user_files -of_objects  [get_files C:/code/zynq_pri/zynq_study/hdmi_output_contrast_adjust/rtl/src/contrast_adjust_v2.v] -no_script -reset -force -quiet
remove_files  C:/code/zynq_pri/zynq_study/hdmi_output_contrast_adjust/rtl/src/contrast_adjust_v2.v
add_files -norecurse C:/code/zynq_pri/zynq_study/hdmi_output_contrast_adjust/rtl/src/contrast_adjust.v
update_compile_order -fileset sources_1
reset_run synth_1
launch_runs impl_1 -to_step write_bitstream -jobs 8
wait_on_run impl_1
set_property SOURCE_SET sources_1 [get_filesets sim_1]
add_files -fileset sim_1 -norecurse C:/code/zynq_pri/zynq_study/hdmi_output_contrast_adjust/rtl/sim/tb_src/tb_hdmi_colorbar_top.v
update_compile_order -fileset sim_1
update_compile_order -fileset sim_1
launch_simulation
source tb_hdmi_colorbar_top.tcl
set_property target_simulator ModelSim [current_project]
set_property compxlib.modelsim_compiled_library_dir C:/modeltech64_10.6d/vivado2017_4_sim_lib [current_project]
close_sim
launch_simulation -install_path C:/modeltech64_10.6d/win64
launch_simulation -install_path C:/modeltech64_10.6d/win64
reset_run synth_1
launch_runs impl_1 -to_step write_bitstream -jobs 8
wait_on_run impl_1
open_hw
connect_hw_server
open_hw_target
set_property PROGRAM.FILE {C:/code/zynq_pri/zynq_study/hdmi_output_contrast_adjust/rtl/syn/top.runs/impl_1/hdmi_colorbar_top.bit} [get_hw_devices xc7z020_1]
current_hw_device [get_hw_devices xc7z020_1]
refresh_hw_device -update_hw_probes false [lindex [get_hw_devices xc7z020_1] 0]
set_property PROBES.FILE {} [get_hw_devices xc7z020_1]
set_property FULL_PROBES.FILE {} [get_hw_devices xc7z020_1]
set_property PROGRAM.FILE {C:/code/zynq_pri/zynq_study/hdmi_output_contrast_adjust/rtl/syn/top.runs/impl_1/hdmi_colorbar_top.bit} [get_hw_devices xc7z020_1]
program_hw_devices [get_hw_devices xc7z020_1]
refresh_hw_device [lindex [get_hw_devices xc7z020_1] 0]
set_property PROBES.FILE {} [get_hw_devices xc7z020_1]
set_property FULL_PROBES.FILE {} [get_hw_devices xc7z020_1]
set_property PROGRAM.FILE {C:/code/zynq_pri/zynq_study/hdmi_output_contrast_adjust/rtl/syn/top.runs/impl_1/hdmi_colorbar_top.bit} [get_hw_devices xc7z020_1]
program_hw_devices [get_hw_devices xc7z020_1]
refresh_hw_device [lindex [get_hw_devices xc7z020_1] 0]
launch_simulation -install_path C:/modeltech64_10.6d/win64
close_hw
reset_run synth_1
launch_runs impl_1 -to_step write_bitstream -jobs 8
wait_on_run impl_1
close_project
